2026-07-03T19:46:53.068869Z  INFO herdr::api::server: api server listening path=/home/bfoster/.config/herdr/herdr.sock
2026-07-03T19:46:53.073033Z  INFO herdr::app: using pane scrollback configuration pane_scrollback_limit_bytes=10000000
2026-07-03T19:46:53.122837Z  INFO herdr::logging: checking for updates event="update.check.start" subsystem="update" outcome="started"
2026-07-03T19:46:53.123955Z  INFO herdr::logging: spawning pane terminal event="pane.spawn.start" subsystem="pane" outcome="started" pane_id=1 rows=24 cols=80 scrollback_limit_bytes=10000000
2026-07-03T19:46:53.127135Z  INFO herdr::logging: pane child spawned event="pane.spawned" subsystem="pane" outcome="ok" pane_id=1 pid=6317
2026-07-03T19:46:53.127689Z  INFO herdr::logging: workspace created event="workspace.create" subsystem="workspace" outcome="ok" workspace_id="w1" pane_id=1
2026-07-03T19:46:53.127713Z  INFO herdr::logging: workspace focused event="workspace.focus" subsystem="workspace" outcome="ok" workspace_id="w1"
2026-07-03T19:46:53.127730Z  INFO herdr::logging: tab focused event="tab.focus" subsystem="tab" outcome="ok" workspace_id="w1" tab_id="w1:t1"
2026-07-03T19:46:53.127745Z  INFO herdr::server::headless: created startup workspace cwd=/home/bfoster/config
2026-07-03T19:46:53.127970Z  INFO herdr::server::headless: client protocol socket listening path=/home/bfoster/.config/herdr/herdr-client.sock
2026-07-03T19:46:53.128135Z  INFO herdr::server::headless: herdr server started api_socket=/home/bfoster/.config/herdr/herdr.sock client_socket=/home/bfoster/.config/herdr/herdr-client.sock
2026-07-03T19:46:53.128296Z  INFO herdr::logging: herdr starting event="app.startup" subsystem="server" outcome="started" pid=6306
2026-07-03T19:46:53.356047Z  INFO herdr::server::headless: client connected client_id=2 cols=237 rows=59 cell_width_px=0 cell_height_px=0 render_encoding=SemanticFrame
2026-07-03T19:46:53.881403Z  INFO herdr::logging: update available event="update.available" subsystem="update" outcome="ok" version="0.7.1"
2026-07-03T19:46:53.881429Z  INFO herdr::update: new stable build available at https://github.com/ogulcancelik/herdr/releases/download/v0.7.1/herdr-linux-x86_64
2026-07-03T19:46:53.881588Z  INFO herdr::update: auto-update check: 0.7.1 available, waiting for explicit install
2026-07-03T19:46:58.165315Z  INFO herdr::logging: session saved event="persist.save" subsystem="persist" outcome="ok" path=/home/bfoster/.config/herdr/session.json workspaces=1
2026-07-03T19:46:58.512553Z  INFO herdr::logging: pane child exited event="pane.exit" subsystem="pane" outcome="completed" pane_id=1 status="ExitStatus { code: 0, signal: None }"
2026-07-03T19:46:58.515745Z  INFO herdr::pane: pane session terminated pane=1 pid=6317 signal=Hangup
2026-07-03T19:46:58.516257Z  INFO herdr::logging: spawning pane terminal event="pane.spawn.start" subsystem="pane" outcome="started" pane_id=2 rows=58 cols=211 scrollback_limit_bytes=10000000
2026-07-03T19:46:58.518000Z  INFO herdr::logging: pane child spawned event="pane.spawned" subsystem="pane" outcome="ok" pane_id=2 pid=6474
2026-07-03T19:46:58.518261Z  INFO herdr::logging: workspace created event="workspace.create" subsystem="workspace" outcome="ok" workspace_id="w2" pane_id=2
2026-07-03T19:46:58.518276Z  INFO herdr::logging: workspace focused event="workspace.focus" subsystem="workspace" outcome="ok" workspace_id="w2"
2026-07-03T19:46:58.518289Z  INFO herdr::logging: tab focused event="tab.focus" subsystem="tab" outcome="ok" workspace_id="w2" tab_id="w2:t1"
2026-07-03T19:47:03.536089Z  INFO herdr::logging: session saved event="persist.save" subsystem="persist" outcome="ok" path=/home/bfoster/.config/herdr/session.json workspaces=1
2026-07-03T19:47:12.223521Z  INFO herdr::logging: tab focused event="tab.focus" subsystem="tab" outcome="ok" workspace_id="w2" tab_id="w2:t1"
2026-07-03T19:47:17.224890Z  INFO herdr::logging: session saved event="persist.save" subsystem="persist" outcome="ok" path=/home/bfoster/.config/herdr/session.json workspaces=1
2026-07-03T19:47:36.215864Z  INFO herdr::server::headless: client detach requested via keybind client_id=2
2026-07-03T19:47:36.218434Z  INFO herdr::server::headless: client disconnected client_id=2
2026-07-04T00:49:38.724615Z  INFO herdr::api::server: api server listening path=/home/bfoster/.config/herdr/herdr.sock
2026-07-04T00:49:38.731143Z  INFO herdr::logging: spawning pane terminal event="pane.spawn.start" subsystem="pane" outcome="started" pane_id=1 rows=24 cols=80 scrollback_limit_bytes=10000000
2026-07-04T00:49:38.733876Z  INFO herdr::logging: pane child spawned event="pane.spawned" subsystem="pane" outcome="ok" pane_id=1 pid=1754
2026-07-04T00:49:38.734440Z  INFO herdr::logging: session restore evaluated event="persist.restore" subsystem="persist" outcome="ok" workspaces=1
2026-07-04T00:49:38.734465Z  INFO herdr::app: using pane scrollback configuration pane_scrollback_limit_bytes=10000000
2026-07-04T00:49:38.802195Z  INFO herdr::logging: checking for updates event="update.check.start" subsystem="update" outcome="started"
2026-07-04T00:49:38.802310Z  INFO herdr::server::headless: restored session already has workspaces; ignoring startup cwd cwd=/home/bfoster/Projects/Python/plectrum
2026-07-04T00:49:38.802579Z  INFO herdr::server::headless: client protocol socket listening path=/home/bfoster/.config/herdr/herdr-client.sock
2026-07-04T00:49:38.802761Z  INFO herdr::server::headless: herdr server started api_socket=/home/bfoster/.config/herdr/herdr.sock client_socket=/home/bfoster/.config/herdr/herdr-client.sock
2026-07-04T00:49:38.802922Z  INFO herdr::logging: herdr starting event="app.startup" subsystem="server" outcome="started" pid=1748
2026-07-04T00:49:38.973245Z  INFO herdr::server::headless: client connected client_id=2 cols=237 rows=59 cell_width_px=0 cell_height_px=0 render_encoding=SemanticFrame
2026-07-04T00:49:39.387434Z  INFO herdr::logging: update available event="update.available" subsystem="update" outcome="ok" version="0.7.1"
2026-07-04T00:49:39.387464Z  INFO herdr::update: new stable build available at https://github.com/ogulcancelik/herdr/releases/download/v0.7.1/herdr-linux-x86_64
2026-07-04T00:49:39.387696Z  INFO herdr::update: auto-update check: 0.7.1 available, waiting for explicit install
2026-07-04T00:49:58.134348Z  INFO herdr::logging: spawning pane terminal event="pane.spawn.start" subsystem="pane" outcome="started" pane_id=2 rows=29 cols=105 scrollback_limit_bytes=10000000
2026-07-04T00:49:58.141249Z  INFO herdr::logging: pane child spawned event="pane.spawned" subsystem="pane" outcome="ok" pane_id=2 pid=1896
2026-07-04T00:50:00.859954Z  INFO herdr::logging: spawning pane terminal event="pane.spawn.start" subsystem="pane" outcome="started" pane_id=3 rows=29 cols=53 scrollback_limit_bytes=10000000
2026-07-04T00:50:00.867804Z  INFO herdr::logging: pane child spawned event="pane.spawned" subsystem="pane" outcome="ok" pane_id=3 pid=1967
2026-07-04T00:50:05.874898Z  INFO herdr::logging: session saved event="persist.save" subsystem="persist" outcome="ok" path=/home/bfoster/.config/herdr/session.json workspaces=1
2026-07-04T00:50:06.986326Z  INFO herdr::logging: tab focused event="tab.focus" subsystem="tab" outcome="ok" workspace_id="w2" tab_id="w2:t1"
2026-07-04T00:50:11.988509Z  INFO herdr::logging: session saved event="persist.save" subsystem="persist" outcome="ok" path=/home/bfoster/.config/herdr/session.json workspaces=1
2026-07-04T00:50:12.397158Z  INFO herdr::logging: tab focused event="tab.focus" subsystem="tab" outcome="ok" workspace_id="w2" tab_id="w2:t1"
2026-07-04T00:50:17.414689Z  INFO herdr::logging: session saved event="persist.save" subsystem="persist" outcome="ok" path=/home/bfoster/.config/herdr/session.json workspaces=1
2026-07-04T00:50:21.102421Z  INFO herdr::logging: tab focused event="tab.focus" subsystem="tab" outcome="ok" workspace_id="w2" tab_id="w2:t1"
2026-07-04T00:50:26.116894Z  INFO herdr::logging: session saved event="persist.save" subsystem="persist" outcome="ok" path=/home/bfoster/.config/herdr/session.json workspaces=1
2026-07-04T00:50:26.560677Z  INFO herdr::logging: tab focused event="tab.focus" subsystem="tab" outcome="ok" workspace_id="w2" tab_id="w2:t1"
2026-07-04T00:50:31.565231Z  INFO herdr::logging: session saved event="persist.save" subsystem="persist" outcome="ok" path=/home/bfoster/.config/herdr/session.json workspaces=1
2026-07-04T00:50:32.679360Z  INFO herdr::logging: tab focused event="tab.focus" subsystem="tab" outcome="ok" workspace_id="w2" tab_id="w2:t1"
2026-07-04T00:50:36.861272Z  INFO herdr::logging: tab focused event="tab.focus" subsystem="tab" outcome="ok" workspace_id="w2" tab_id="w2:t1"
2026-07-04T00:50:41.052755Z  INFO herdr::logging: tab focused event="tab.focus" subsystem="tab" outcome="ok" workspace_id="w2" tab_id="w2:t1"
2026-07-04T00:50:46.055765Z  INFO herdr::logging: session saved event="persist.save" subsystem="persist" outcome="ok" path=/home/bfoster/.config/herdr/session.json workspaces=1
2026-07-04T00:51:15.658070Z  INFO herdr::logging: tab focused event="tab.focus" subsystem="tab" outcome="ok" workspace_id="w2" tab_id="w2:t1"
2026-07-04T00:51:20.661790Z  INFO herdr::logging: session saved event="persist.save" subsystem="persist" outcome="ok" path=/home/bfoster/.config/herdr/session.json workspaces=1
2026-07-04T00:51:40.431842Z  INFO herdr::logging: tab focused event="tab.focus" subsystem="tab" outcome="ok" workspace_id="w2" tab_id="w2:t1"
2026-07-04T00:51:45.435248Z  INFO herdr::logging: session saved event="persist.save" subsystem="persist" outcome="ok" path=/home/bfoster/.config/herdr/session.json workspaces=1
2026-07-04T00:52:05.479980Z  INFO herdr::server::headless: client detach requested via keybind client_id=2
2026-07-04T00:52:05.488561Z  INFO herdr::server::headless: client disconnected client_id=2
2026-07-04T00:52:08.510592Z  INFO herdr::server::headless: client connected client_id=4 cols=237 rows=59 cell_width_px=0 cell_height_px=0 render_encoding=SemanticFrame
2026-07-04T00:52:27.116381Z  INFO herdr::server::headless: client detach requested via keybind client_id=4
2026-07-04T00:52:27.124036Z  INFO herdr::server::headless: client disconnected client_id=4
